(iwsum-slimevolley) PS C:\Users\rmesek\Projects\iwsum-slimevolley> uv run src/train.py --reward-mode shaped
Starting AgileRL Training on SlimeVolleyShaped-v0 using shaped rewards...

Training...
===================================
        Global Steps 3009936
===================================
Fitness:	['-4.55', '-4.57', '-4.41', '-4.54', '-4.58', '-4.44']
Score:		['-4.53', '-4.55', '-4.48', '-4.68', '-4.65', '-4.64']
5 fitness avgs:	['-4.41', '-4.55', '-4.54', '-4.41', '-4.55', '-4.55']
10 score avgs:	['-4.66', '-4.67', '-4.47', '-4.66', '-4.67', '-4.67']
Agents:		[2, 6, 7, 8, 9, 10]
Steps:		[500224, 500224, 508560, 500224, 500224, 500224]
Mutations:	['None', 'None', 'None', 'batch_size', 'None', 'None']
===================================
        Global Steps 6019616
===================================
Fitness:	['-4.44', '-4.42', '-4.48', '-4.77', '-4.55', '-4.38']
Score:		['-4.48', '-4.52', '-4.64', '-4.49', '-4.48', '-4.54']
5 fitness avgs:	['-4.42', '-4.51', '-4.47', '-4.51', '-4.51', '-4.51']
10 score avgs:	['-4.66', '-4.77', '-4.67', '-4.77', '-4.77', '-4.77']
Agents:		[2, 11, 12, 13, 14, 15]
Steps:		[1000448, 1017120, 1000448, 1017120, 1017120, 1017120]
Mutations:	['batch_size', 'None', 'None', 'None', 'None', 'None']
===================================
        Global Steps 9054304
===================================
Fitness:	['-4.38', '-4.49', '-4.59', '-4.40', '-4.65', '-4.49']
Score:		['-4.49', '-4.47', '-4.50', '-4.47', '-4.47', '-4.54']
5 fitness avgs:	['-4.41', '-4.47', '-4.41', '-4.50', '-4.47', '-4.41']
10 score avgs:	['-4.36', '-4.27', '-4.36', '-4.57', '-4.27', '-4.36']
Agents:		[2, 16, 17, 18, 19, 20]
Steps:		[1500672, 1525680, 1500672, 1525680, 1525680, 1500672]
Mutations:	['None', 'ent_coef', 'None', 'None', 'learn_step', 'lr']
===================================
       Global Steps 12080128
===================================
Fitness:	['-4.40', '-4.57', '-4.45', '-4.55', '-4.63', '-4.55']
Score:		['-4.51', '-4.52', '-4.48', '-4.50', '-4.52', '-4.48']
5 fitness avgs:	['-4.41', '-4.44', '-4.50', '-4.51', '-4.44', '-4.44']
10 score avgs:	['-4.77', '-4.48', '-4.47', '-4.86', '-4.48', '-4.48']
Agents:		[2, 21, 22, 23, 24, 25]
Steps:		[2000896, 2000896, 2034240, 2033712, 2000896, 2000896]
Mutations:	['batch_size', 'None', 'None', 'None', 'ent_coef', 'None']
===================================
       Global Steps 15097616
===================================
Fitness:	['-4.47', '-4.59', '-4.37', '-4.36', '-4.50', '-4.55']
Score:		['-4.51', '-4.52', '-4.47', '-4.55', '-4.52', '-4.51']
5 fitness avgs:	['-4.42', '-4.47', '-4.47', '-4.48', '-4.47', '-4.47']
10 score avgs:	['-4.46', '-4.57', '-4.57', '-4.46', '-4.57', '-4.57']
Agents:		[2, 26, 27, 28, 29, 30]
Steps:		[2501120, 2542800, 2542800, 2541744, 2542800, 2542800]
Mutations:	['None', 'encoder.remove_node', 'lr', 'encoder.remove_node', 'ent_coef', 'None']
===================================
       Global Steps 18140112
===================================
Fitness:	['-4.63', '-4.69', '-4.52', '-4.63', '-4.44', '-4.27']
Score:		['-4.53', '-4.55', '-4.50', '-4.47', '-4.54', '-4.51']
5 fitness avgs:	['-4.42', '-4.45', '-4.45', '-4.47', '-4.46', '-4.46']
10 score avgs:	['-4.66', '-4.67', '-4.67', '-4.77', '-4.56', '-4.56']
Agents:		[30, 31, 32, 33, 34, 35]
Steps:		[3051360, 3051360, 3051360, 3051360, 3001344, 3001344]
Mutations:	['None', 'encoder.remove_node', 'ent_coef', 'encoder.remove_node', 'None', 'ent_coef']
===================================
       Global Steps 21174800
===================================
Fitness:	['-4.46', '-4.64', '-4.59', '-4.53', '-4.39', '-4.52']
Score:		['-4.57', '-4.53', '-4.51', '-4.50', '-4.49', '-4.52']
5 fitness avgs:	['-4.42', '-4.42', '-4.48', '-4.45', '-4.48', '-4.48']
10 score avgs:	['-4.67', '-4.67', '-4.66', '-4.57', '-4.17', '-4.66']
Agents:		[30, 36, 37, 38, 39, 40]
Steps:		[3559920, 3559920, 3559920, 3501568, 3559920, 3559920]
Mutations:	['learn_step', 'None', 'ent_coef', 'batch_size', 'learn_step', 'None']
===================================
       Global Steps 24212528
===================================
Fitness:	['-4.48', '-4.44', '-4.47', '-4.34', '-4.23', '-4.57']
Score:		['-4.56', '-4.51', '-4.53', '-4.50', '-4.50', '-4.48']
5 fitness avgs:	['-4.42', '-4.42', '-4.49', '-4.42', '-4.45', '-4.42']
10 score avgs:	['-4.67', '-4.67', '-4.67', '-4.67', '-4.55', '-4.67']
Agents:		[36, 41, 42, 43, 44, 45]
Steps:		[4068480, 4068480, 4068480, 4068480, 4063712, 4068480]
Mutations:	['learn_step', 'None', 'None', 'batch_size', 'lr', 'ent_coef']
===================================
       Global Steps 27258592
===================================
Fitness:	['-4.44', '-4.42', '-4.38', '-4.57', '-4.44', '-4.53']
Score:		['-4.56', '-4.49', '-4.48', '-4.57', '-4.50', '-4.53']
5 fitness avgs:	['-4.42', '-4.40', '-4.42', '-4.42', '-4.39', '-4.40']
10 score avgs:	['-4.56', '-4.16', '-4.56', '-4.47', '-4.65', '-4.16']
Agents:		[44, 46, 47, 48, 49, 50]
Steps:		[4567504, 4576512, 4567504, 4577040, 4577040, 4576512]
Mutations:	['None', 'None', 'None', 'remove_latent_node', 'lr', 'lr']
===================================
       Global Steps 30299360
===================================
Fitness:	['-4.30', '-4.44', '-4.55', '-4.59', '-4.34', '-4.42']
Score:		['-4.49', '-4.51', '-4.48', '-4.54', '-4.50', '-4.55']
5 fitness avgs:	['-4.40', '-4.45', '-4.40', '-4.40', '-4.39', '-4.45']
10 score avgs:	['-4.25', '-4.76', '-4.25', '-4.25', '-3.92', '-4.76']
Agents:		[44, 51, 52, 53, 54, 55]
Steps:		[5071296, 5071296, 5071296, 5071296, 5085600, 5071296]
Mutations:	['None', 'head_net.add_node', 'lr', 'learn_step', 'None', 'None']
===================================
       Global Steps 33334288
===================================
Fitness:	['-4.56', '-4.48', '-4.52', '-4.48', '-4.51', '-4.24']
Score:		['-4.47', '-4.51', '-4.44', '-4.47', '-4.45', '-4.49']
5 fitness avgs:	['-4.40', '-4.40', '-4.40', '-4.40', '-4.40', '-4.40']
10 score avgs:	['-4.66', '-4.67', '-4.66', '-4.66', '-4.67', '-4.45']
Agents:		[53, 56, 57, 58, 59, 60]
Steps:		[5582496, 5575088, 5582496, 5582496, 5575088, 5575088]
Mutations:	['None', 'head_net.add_node', 'None', 'ent_coef', 'learn_step', 'batch_size']
===================================
       Global Steps 36386672
===================================
Fitness:	['-4.49', '-4.75', '-4.51', '-4.41', '-4.36', '-4.35']
Score:		['-4.50', '-4.51', '-4.41', '-4.40', '-4.46', '-4.47']
5 fitness avgs:	['-4.36', '-4.37', '-4.36', '-4.39', '-4.37', '-4.36']
10 score avgs:	['-4.26', '-4.65', '-4.26', '-4.25', '-4.02', '-4.26']
Agents:		[59, 61, 62, 63, 64, 65]
Steps:		[6086288, 6078880, 6086288, 6093696, 6093696, 6086288]
Mutations:	['head_net.remove_node', 'None', 'learn_step', 'None', 'batch_size', 'None']
===================================
       Global Steps 39437280
===================================
Fitness:	['-4.55', '-4.41', '-4.59', '-4.19', '-4.20', '-4.27']
Score:		['-4.48', '-4.43', '-4.50', '-4.42', '-4.33', '-4.52']
5 fitness avgs:	['-4.37', '-4.43', '-4.37', '-4.43', '-4.37', '-4.37']
10 score avgs:	['-4.37', '-4.77', '-4.37', '-3.96', '-4.37', '-4.37']
Agents:		[65, 66, 67, 68, 69, 70]
Steps:		[6597488, 6588304, 6597488, 6597488, 6597488, 6597488]
Mutations:	['None', 'None', 'None', 'ent_coef', 'None', 'None']
===================================
       Global Steps 42495296
===================================
Fitness:	['-4.50', '-4.67', '-4.40', '-4.46', '-4.36', '-4.40']
Score:		['-4.52', '-4.53', '-4.49', '-4.47', '-4.47', '-4.52']
5 fitness avgs:	['-4.35', '-4.36', '-4.36', '-4.36', '-4.36', '-4.36']
10 score avgs:	['-4.56', '-4.77', '-4.77', '-4.04', '-4.04', '-4.04']
Agents:		[69, 71, 72, 73, 74, 75]
Steps:		[7108688, 7108688, 7108688, 7108688, 7108688, 7108688]
Mutations:	['None', 'None', 'None', 'None', 'head_net.remove_node', 'None']
===================================
       Global Steps 45562496
===================================
Fitness:	['-4.50', '-4.49', '-4.40', '-4.34', '-4.30', '-4.60']
Score:		['-4.43', '-4.49', '-4.51', '-4.40', '-4.47', '-4.34']
5 fitness avgs:	['-4.31', '-4.32', '-4.31', '-4.31', '-4.32', '-4.33']
10 score avgs:	['-4.44', '-4.34', '-4.44', '-4.44', '-4.34', '-4.66']
Agents:		[74, 76, 77, 78, 79, 80]
Steps:		[7619888, 7619888, 7619888, 7619888, 7619888, 7619888]
Mutations:	['encoder.remove_node', 'None', 'learn_step', 'add_latent_node', 'batch_size', 'None']
===================================
       Global Steps 48629408
===================================
Fitness:	['-3.92', '-3.77', '-3.69', '-4.22', '-4.43', '-4.48']
Score:		['-4.17', '-4.16', '-4.36', '-4.32', '-4.25', '-4.48']
5 fitness avgs:	['-4.20', '-4.25', '-4.31', '-4.36', '-4.20', '-4.25']
10 score avgs:	['-4.49', '-3.51', '-4.44', '-4.40', '-4.49', '-3.51']
Agents:		[77, 81, 82, 83, 84, 85]
Steps:		[8130800, 8131088, 8131088, 8131088, 8130800, 8131088]
Mutations:	['lr', 'None', 'None', 'None', 'None', 'lr']
===================================
       Global Steps 51696032
===================================
Fitness:	['-3.30', '-3.57', '-2.91', '-2.45', '-2.33', '-3.79']
Score:		['-3.80', '-3.77', '-4.03', '-4.03', '-3.67', '-3.53']
5 fitness avgs:	['-3.80', '-3.99', '-4.02', '-3.80', '-3.80', '-3.98']
10 score avgs:	['-3.43', '-3.13', '-3.76', '-3.43', '-3.43', '-3.99']
Agents:		[84, 86, 87, 88, 89, 90]
Steps:		[8641712, 8641712, 8642288, 8641712, 8641712, 8642288]
Mutations:	['lr', 'None', 'None', 'None', 'encoder.add_node', 'None']
===================================
       Global Steps 54762080
===================================
Fitness:	['-2.39', '-2.34', '-1.95', '-3.29', '-2.22', '-4.05']
Score:		['-3.45', '-2.87', '-3.68', '-2.97', '-2.84', '-3.54']
5 fitness avgs:	['-3.39', '-3.55', '-3.61', '-3.42', '-3.42', '-3.39']
10 score avgs:	['-2.60', '-3.27', '-2.71', '-4.13', '-4.13', '-2.60']
Agents:		[89, 91, 92, 93, 94, 95]
Steps:		[9152624, 9153488, 9152624, 9152624, 9152624, 9152624]
Mutations:	['batch_size', 'ent_coef', 'None', 'None', 'None', 'None']
===================================
       Global Steps 57827840
===================================
Fitness:	['-2.81', '-3.64', '-1.23', '-2.55', '-2.39', '-0.75']
Score:		['-2.77', '-3.42', '-2.17', '-2.29', '-2.72', '-2.93']
5 fitness avgs:	['-2.66', '-3.05', '-3.02', '-2.66', '-2.97', '-3.40']
10 score avgs:	['-0.97', '-4.13', '-2.53', '-0.97', '-2.13', '-3.33']
Agents:		[95, 96, 97, 98, 99, 100]
Steps:		[9663536, 9663536, 9663536, 9663536, 9663536, 9664688]
Mutations:	['None', 'None', 'None', 'None', 'head_net.remove_node', 'ent_coef']
===================================
       Global Steps 60893600
===================================
Fitness:	['-2.43', '-2.08', '-3.23', '-1.91', '-2.71', '-2.59']
Score:		['-1.79', '-3.08', '-2.38', '-1.82', '-2.43', '-3.56']
5 fitness avgs:	['-2.18', '-2.61', '-2.18', '-2.28', '-2.18', '-2.66']
10 score avgs:	['-2.63', '-3.15', '-2.63', '-1.55', '-2.63', '-2.57']
Agents:		[98, 101, 102, 103, 104, 105]
Steps:		[10174448, 10174448, 10174448, 10174448, 10174448, 10174448]
Mutations:	['lr', 'lr', 'head_net.add_layer', 'learn_step', 'learn_step', 'None']
===================================
       Global Steps 63937696
===================================
Fitness:	['-0.41', '-0.34', '-2.79', '-1.09', '-2.86', '0.24']
Score:		['-1.80', '-2.46', '-3.31', '-1.72', '-2.85', '-2.23']
5 fitness avgs:	['-1.52', '-1.76', '-2.00', '-1.87', '-1.52', '-1.94']
10 score avgs:	['-0.86', '-1.30', '-2.96', '-1.77', '-0.86', '-1.96']
Agents:		[98, 106, 107, 108, 109, 110]
Steps:		[10685360, 10674672, 10685360, 10685360, 10685360, 10685360]
Mutations:	['None', 'None', 'None', 'None', 'batch_size', 'None']
===================================
       Global Steps 66992480
===================================
Fitness:	['-1.06', '-0.27', '-0.85', '0.21', '-0.30', '-1.50']
Score:		['-1.16', '-2.12', '-2.00', '-0.66', '-0.66', '-1.87']
5 fitness avgs:	['-1.17', '-1.35', '-1.17', '-1.17', '-1.35', '-1.17']
10 score avgs:	['-0.10', '-0.63', '-0.10', '-0.10', '-0.63', '-0.10']
Agents:		[108, 111, 112, 113, 114, 115]
Steps:		[11196272, 11174896, 11196272, 11196272, 11174896, 11196272]
Mutations:	['batch_size', 'None', 'None', 'lr', 'None', 'None']
===================================
       Global Steps 70036576
===================================
Fitness:	['-0.95', '-0.74', '-1.25', '-1.18', '-2.12', '-1.59']
Score:		['-0.91', '-0.86', '-0.95', '-1.42', '-0.35', '-1.71']
5 fitness avgs:	['-0.89', '-0.93', '-0.95', '-0.93', '-1.06', '-0.89']
10 score avgs:	['0.08', '-1.07', '-1.21', '-1.07', '0.14', '0.08']
Agents:		[108, 116, 117, 118, 119, 120]
Steps:		[11707184, 11707184, 11707184, 11707184, 11675120, 11707184]
Mutations:	['learn_step', 'None', 'ent_coef', 'None', 'None', 'None']
===================================
       Global Steps 73089568
===================================
Fitness:	['1.23', '-2.94', '-0.32', '-2.06', '-1.69', '-1.58']
Score:		['0.28', '-1.86', '-2.55', '-1.22', '-1.19', '-0.64']
5 fitness avgs:	['-0.40', '-0.96', '-1.10', '-0.40', '-0.77', '-0.40']
10 score avgs:	['-0.08', '0.65', '-1.43', '-0.08', '-2.02', '-0.08']
Agents:		[108, 121, 122, 123, 124, 125]
Steps:		[12216304, 12218096, 12218096, 12216304, 12218096, 12216304]
Mutations:	['lr', 'None', 'lr', 'remove_latent_node', 'lr', 'None']
===================================
       Global Steps 76149664
===================================
Fitness:	['-2.63', '0.41', '0.43', '0.30', '-0.88', '-2.57']
Score:		['0.06', '-0.42', '-0.76', '-0.03', '-2.03', '-0.40']
5 fitness avgs:	['0.21', '0.21', '-0.38', '-0.33', '-0.33', '0.21']
10 score avgs:	['0.52', '0.52', '-1.25', '-0.96', '-0.96', '0.52']
Agents:		[123, 126, 127, 128, 129, 130]
Steps:		[12725424, 12725424, 12725424, 12729008, 12729008, 12725424]
Mutations:	['None', 'learn_step', 'None', 'batch_size', 'learn_step', 'None']
===================================
       Global Steps 79200528
===================================
Fitness:	['0.22', '-0.94', '-0.59', '0.13', '0.72', '0.34']
Score:		['-0.53', '-0.84', '-0.08', '-0.19', '-0.59', '-0.67']
5 fitness avgs:	['0.23', '0.20', '0.20', '-0.24', '0.23', '-0.36']
10 score avgs:	['0.71', '0.01', '0.01', '-1.55', '0.71', '0.44']
Agents:		[130, 131, 132, 133, 134, 135]
Steps:		[13234544, 13234544, 13234544, 13238128, 13234544, 13239920]
Mutations:	['head_net.add_node', 'None', 'None', 'None', 'None', 'None']
===================================
       Global Steps 82257040
===================================
Fitness:	['-1.12', '0.54', '-2.24', '0.81', '-1.59', '0.50']
Score:		['-0.76', '-0.16', '0.04', '-0.24', '-1.01', '-0.50']
5 fitness avgs:	['-0.12', '-0.30', '-0.12', '-0.12', '0.27', '-0.12']
10 score avgs:	['-0.21', '0.33', '-0.21', '-0.21', '-0.60', '-0.21']
Agents:		[133, 136, 137, 138, 139, 140]
Steps:		[13747248, 13750832, 13747248, 13747248, 13743664, 13747248]
Mutations:	['None', 'batch_size', 'None', 'None', 'batch_size', 'None']
===================================
       Global Steps 85313552
===================================
Fitness:	['0.10', '0.11', '-0.16', '0.80', '-1.26', '-1.45']
Score:		['0.36', '0.45', '0.01', '-0.86', '-0.21', '-0.28']
5 fitness avgs:	['0.23', '0.09', '0.09', '0.23', '-0.09', '0.04']
10 score avgs:	['-1.91', '0.03', '0.03', '-1.91', '0.97', '0.20']
Agents:		[138, 141, 142, 143, 144, 145]
Steps:		[14256368, 14256368, 14256368, 14256368, 14261744, 14256368]
Mutations:	['None', 'batch_size', 'None', 'batch_size', 'encoder.add_node', 'learn_step']
===================================
       Global Steps 88364688
===================================
Fitness:	['-0.63', '-2.53', '-1.13', '-0.56', '-1.21', '-0.15']
Score:		['0.27', '-0.35', '-1.32', '0.02', '-1.31', '-0.43']
5 fitness avgs:	['0.44', '0.44', '0.42', '0.18', '-0.10', '0.42']
10 score avgs:	['-0.19', '-0.19', '-0.29', '-0.36', '-2.20', '-0.29']
Agents:		[143, 146, 147, 148, 149, 150]
Steps:		[14765488, 14765488, 14765488, 14765488, 14765488, 14765488]
Mutations:	['None', 'learn_step', 'None', 'None', 'None', 'None']
===================================
       Global Steps 91414032
===================================
Fitness:	['-0.51', '-0.04', '0.87', '0.71', '-2.33', '0.63']
Score:		['-0.43', '-0.69', '-0.35', '0.03', '-0.45', '-0.63']
5 fitness avgs:	['0.51', '0.51', '0.25', '0.35', '0.35', '0.35']
10 score avgs:	['1.02', '1.02', '-0.41', '0.56', '0.56', '0.56']
Agents:		[147, 151, 152, 153, 154, 155]
Steps:		[15274608, 15274608, 15274608, 15269232, 15269232, 15269232]
Mutations:	['None', 'None', 'head_net.add_node', 'None', 'ent_coef', 'head_net.remove_node']
===================================
       Global Steps 94452624
===================================
Fitness:	['-0.61', '-0.95', '-1.81', '0.45', '1.47', '-1.54']
Score:		['-0.19', '-0.07', '-0.34', '0.64', '0.30', '-0.01']
5 fitness avgs:	['0.50', '0.25', '0.50', '0.50', '0.18', '0.29']
10 score avgs:	['-0.85', '-0.70', '-0.85', '-0.85', '-1.64', '0.41']
Agents:		[154, 156, 157, 158, 159, 160]
Steps:		[15772976, 15783728, 15772976, 15772976, 15783728, 15772976]
Mutations:	['encoder.remove_node', 'None', 'learn_step', 'None', 'None', 'ent_coef']
===================================
       Global Steps 97488528
===================================
Fitness:	['-2.96', '-0.82', '-0.36', '-1.78', '-2.73', '-2.33']
Score:		['-3.88', '-0.47', '0.38', '0.24', '-0.46', '-0.28']
5 fitness avgs:	['0.26', '-0.26', '-0.26', '-0.26', '0.26', '0.26']
10 score avgs:	['0.81', '-2.64', '-2.64', '-2.64', '0.81', '0.81']
Agents:		[157, 161, 162, 163, 164, 165]
Steps:		[16279408, 16276720, 16276720, 16276720, 16279408, 16279408]
Mutations:	['learn_step', 'None', 'encoder.add_node', 'None', 'None', 'lr']
===================================
       Global Steps 100522672
===================================
Fitness:	['-0.28', '-3.83', '-0.97', '-3.16', '-1.06', '0.33']
Score:		['0.13', '-3.14', '-2.69', '-2.11', '-0.69', '-0.20']
5 fitness avgs:	['0.17', '0.05', '0.05', '-0.61', '0.05', '-0.61']
10 score avgs:	['0.24', '1.44', '1.44', '-1.77', '1.44', '-1.77']
Agents:		[165, 166, 167, 168, 169, 170]
Steps:		[16785840, 16789456, 16789456, 16780464, 16789456, 16780464]
Mutations:	['None', 'lr', 'None', 'None', 'None', 'learn_step']
===================================
       Global Steps 103563216
===================================
Fitness:	['2.27', '-0.58', '-1.69', '-1.40', '0.94', '-0.00']
Score:		['0.39', '0.19', '-0.69', '-1.20', '-0.19', '-1.17']
5 fitness avgs:	['0.73', '0.35', '-0.50', '0.73', '0.73', '-0.50']
10 score avgs:	['1.13', '-0.58', '-1.03', '1.13', '1.13', '-1.03']
Agents:		[165, 171, 172, 173, 174, 175]
Steps:		[17292272, 17299504, 17280688, 17292272, 17292272, 17280688]
Mutations:	['None', 'None', 'None', 'None', 'None', 'None']
===================================
       Global Steps 106593008
===================================
Fitness:	['-2.04', '-0.67', '0.73', '-1.13', '-0.83', '1.42']
Score:		['-0.37', '-0.22', '-0.60', '-0.61', '0.25', '-0.58']
5 fitness avgs:	['0.57', '0.22', '0.52', '0.52', '-0.21', '0.33']
10 score avgs:	['0.23', '0.82', '-1.93', '-1.93', '1.39', '-1.94']
Agents:		[174, 176, 177, 178, 179, 180]
Steps:		[17798704, 17809552, 17798704, 17798704, 17780912, 17798704]
Mutations:	['None', 'learn_step', 'ent_coef', 'ent_coef', 'learn_step', 'lr']
===================================
       Global Steps 109621904
===================================
Fitness:	['1.01', '0.18', '1.20', '-2.27', '1.31', '0.69']
Score:		['0.39', '-1.05', '0.12', '-0.34', '0.10', '0.24']
5 fitness avgs:	['-0.24', '0.18', '0.48', '0.48', '-0.24', '0.46']
10 score avgs:	['-0.04', '-0.53', '-0.03', '-0.03', '-0.04', '0.82']
Agents:		[179, 181, 182, 183, 184, 185]
Steps:		[18281136, 18305136, 18305136, 18305136, 18281136, 18305136]
Mutations:	['lr', 'None', 'None', 'None', 'None', 'remove_latent_node']
===================================
       Global Steps 112648080
===================================
Fitness:	['-0.46', '0.88', '-1.40', '-0.31', '-2.73', '1.55']
Score:		['-0.17', '1.33', '0.31', '-0.49', '-0.88', '0.96']
5 fitness avgs:	['0.26', '0.84', '0.42', '0.26', '0.84', '0.84']
10 score avgs:	['-1.60', '0.88', '2.44', '-1.60', '0.88', '0.88']
Agents:		[179, 186, 187, 188, 189, 190]
Steps:		[18781360, 18811568, 18811568, 18781360, 18811568, 18811568]
Mutations:	['None', 'None', 'None', 'learn_step', 'head_net.remove_layer', 'encoder.remove_node']
===================================
       Global Steps 115674256
===================================
Fitness:	['-2.67', '-0.55', '1.22', '-0.87', '-2.32', '0.29']
Score:		['-1.77', '0.67', '-0.10', '-1.02', '-2.65', '0.64']
5 fitness avgs:	['0.84', '0.32', '0.60', '0.67', '0.67', '0.32']
10 score avgs:	['-0.87', '-0.41', '-0.60', '-0.83', '-0.83', '-0.41']
Agents:		[190, 191, 192, 193, 194, 195]
Steps:		[19318000, 19318000, 19318000, 19318000, 19318000, 19318000]
Mutations:	['batch_size', 'None', 'None', 'None', 'None', 'None']
===================================
       Global Steps 118712848
===================================
Fitness:	['-1.06', '0.75', '0.22', '1.62', '-0.66', '0.12']
Score:		['0.13', '-0.47', '-0.35', '0.05', '-0.06', '-1.34']
5 fitness avgs:	['0.54', '0.19', '0.54', '0.08', '0.01', '0.01']
10 score avgs:	['0.07', '0.93', '0.07', '-0.12', '-0.57', '-0.57']
Agents:		[193, 196, 197, 198, 199, 200]
Steps:		[19824432, 19824432, 19824432, 19824432, 19824432, 19824432]
Mutations:	['None', 'None', 'batch_size', 'None', 'None', 'batch_size']
===================================
       Global Steps 121751440
===================================
Fitness:	['-0.11', '-0.25', '0.88', '0.24', '1.01', '0.54']
Score:		['0.08', '0.25', '1.12', '0.56', '0.17', '-0.15']
5 fitness avgs:	['0.94', '0.94', '0.55', '0.94', '0.55', '0.74']
10 score avgs:	['0.46', '0.46', '-0.10', '0.46', '-0.10', '-0.51']
Agents:		[197, 201, 202, 203, 204, 205]
Steps:		[20330864, 20330864, 20330864, 20330864, 20330864, 20330864]
Mutations:	['None', 'None', 'batch_size', 'batch_size', 'None', 'None']
===================================
       Global Steps 124790032
===================================
Fitness:	['1.56', '0.06', '1.32', '0.52', '0.97', '0.34']
Score:		['0.73', '0.01', '-0.25', '-0.22', '-0.26', '-0.06']
5 fitness avgs:	['1.01', '0.80', '0.80', '0.57', '1.01', '0.57']
10 score avgs:	['1.19', '0.48', '0.48', '-1.94', '1.19', '-1.94']
Agents:		[197, 206, 207, 208, 209, 210]
Steps:		[20837296, 20837296, 20837296, 20837296, 20837296, 20837296]
Mutations:	['None', 'None', 'ent_coef', 'None', 'None', 'learn_step']
===================================
       Global Steps 127827088
===================================
Fitness:	['0.82', '0.82', '0.95', '-1.68', '1.77', '-0.01']
Score:		['-0.02', '0.47', '-0.11', '-1.03', '1.31', '0.46']
5 fitness avgs:	['1.05', '0.26', '1.05', '0.68', '0.66', '1.05']
10 score avgs:	['0.45', '0.61', '0.45', '-0.63', '0.41', '0.45']
Agents:		[209, 211, 212, 213, 214, 215]
Steps:		[21343728, 21342192, 21343728, 21343728, 21343728, 21343728]
Mutations:	['encoder.add_node', 'None', 'None', 'None', 'None', 'head_net.remove_layer']
===================================
       Global Steps 130864144
===================================
Fitness:	['0.35', '-1.50', '-1.82', '-0.53', '1.91', '-1.98']
Score:		['-2.78', '-0.84', '0.49', '-0.62', '1.07', '-3.20']
5 fitness avgs:	['1.23', '1.23', '0.69', '1.23', '0.80', '1.15']
10 score avgs:	['-1.33', '-1.33', '-1.23', '-1.33', '-2.17', '-0.30']
Agents:		[209, 216, 217, 218, 219, 220]
Steps:		[21850160, 21850160, 21850160, 21850160, 21850160, 21850160]
Mutations:	['lr', 'batch_size', 'learn_step', 'lr', 'ent_coef', 'None']
===================================
       Global Steps 133906352
===================================
Fitness:	['-1.29', '-2.31', '0.12', '-0.87', '1.88', '0.28']
Score:		['0.28', '-1.18', '-1.27', '0.46', '0.75', '1.68']
5 fitness avgs:	['0.88', '0.88', '0.74', '0.74', '0.45', '0.88']
10 score avgs:	['-0.85', '-0.85', '1.37', '1.37', '-3.40', '-0.85']
Agents:		[220, 221, 222, 223, 224, 225]
Steps:		[22356592, 22356592, 22356592, 22356592, 22356592, 22356592]
Mutations:	['None', 'None', 'batch_size', 'head_net.remove_node', 'batch_size', 'None']
===================================
       Global Steps 136944944
===================================
Fitness:	['0.36', '1.55', '-1.08', '-0.77', '0.92', '1.37']
Score:		['-0.74', '0.09', '0.28', '0.05', '0.20', '-0.05']
5 fitness avgs:	['1.02', '1.02', '1.02', '1.02', '0.98', '1.02']
10 score avgs:	['0.01', '0.01', '0.01', '0.01', '-0.35', '0.01']
Agents:		[221, 226, 227, 228, 229, 230]
Steps:		[22863024, 22863024, 22863024, 22863024, 22863024, 22863024]
Mutations:	['None', 'None', 'None', 'None', 'encoder.remove_node', 'None']
===================================
       Global Steps 139983536
===================================
Fitness:	['-1.65', '-0.73', '1.71', '-1.92', '-0.48', '0.71']
Score:		['0.67', '1.12', '0.42', '-0.38', '0.08', '0.47']
5 fitness avgs:	['1.26', '1.05', '1.05', '1.05', '0.78', '0.77']
10 score avgs:	['2.12', '1.43', '1.43', '1.43', '-1.20', '1.04']
Agents:		[227, 231, 232, 233, 234, 235]
Steps:		[23369456, 23369456, 23369456, 23369456, 23369456, 23369456]
Mutations:	['encoder.add_node', 'ent_coef', 'None', 'batch_size', 'None', 'None']
===================================
       Global Steps 143022128
===================================
Fitness:	['0.27', '0.43', '0.96', '0.66', '-1.32', '-2.25']
Score:		['-0.21', '-1.47', '-0.23', '-0.69', '-0.54', '0.51']
5 fitness avgs:	['1.15', '1.08', '1.15', '1.15', '0.35', '1.15']
10 score avgs:	['-0.17', '0.31', '-0.17', '-0.17', '-0.41', '-0.17']
Agents:		[227, 236, 237, 238, 239, 240]
Steps:		[23875888, 23875888, 23875888, 23875888, 23875888, 23875888]
Mutations:	['head_net.add_layer', 'None', 'None', 'batch_size', 'head_net.add_layer', 'add_latent_node']
===================================
       Global Steps 146060720
===================================
Fitness:	['0.41', '-1.13', '-2.88', '1.22', '0.21', '-0.76']
Score:		['-3.71', '-0.09', '-0.23', '-0.26', '-2.56', '0.03']
5 fitness avgs:	['1.01', '0.85', '0.85', '0.19', '0.61', '0.61']
10 score avgs:	['-0.44', '-0.56', '-0.56', '-3.04', '-2.11', '-2.11']
Agents:		[238, 241, 242, 243, 244, 245]
Steps:		[24382320, 24382320, 24382320, 24382320, 24382320, 24382320]
Mutations:	['None', 'ent_coef', 'None', 'None', 'None', 'head_net.remove_layer']
===================================
       Global Steps 149099312
===================================
Fitness:	['-2.72', '-1.56', '1.54', '-3.01', '0.07', '0.12']
Score:		['0.33', '-0.30', '0.35', '-0.90', '-0.69', '-2.81']
5 fitness avgs:	['1.10', '0.58', '0.57', '0.41', '0.57', '1.10']
10 score avgs:	['0.55', '-0.29', '-2.69', '-1.35', '-2.69', '0.55']
Agents:		[242, 246, 247, 248, 249, 250]
Steps:		[24888752, 24888752, 24888752, 24888752, 24888752, 24888752]
Mutations:	['None', 'None', 'None', 'remove_latent_node', 'lr', 'None']
===================================
       Global Steps 152137904
===================================
Fitness:	['-0.50', '-0.14', '0.45', '0.54', '0.59', '-0.83']
Score:		['0.24', '-0.24', '0.33', '0.48', '0.52', '0.32']
5 fitness avgs:	['0.69', '0.24', '0.35', '0.69', '0.69', '0.38']
10 score avgs:	['-0.52', '-0.19', '1.70', '-0.52', '-0.52', '-0.10']
Agents:		[242, 251, 252, 253, 254, 255]
Steps:		[25395184, 25395184, 25395184, 25395184, 25395184, 25395184]
Mutations:	['lr', 'ent_coef', 'None', 'lr', 'ent_coef', 'None']
🚀 Training Progress │   0% │                      │ 25356244/? steps │ ⏱️ 5:13:43 │ ⏳ 00:00 │ 1347.05step/s
Training complete!
(iwsum-slimevolley) PS C:\Users\rmesek\Projects\iwsum-slimevolley>
